Schemathesis v4.15.2
━━━━━━━━━━━━━━━━━━━━


 ✅  Loaded specification from                                                  
 /Users/phil/local/src/teller/artifacts/security/schemathesis-openapi.json (in  
 0.20s)                                                                         

     Base URL:         http://127.0.0.1:8789                                    
     Specification:    Open API 3.1.0                                           
     Operations:       21 selected / 21 total                                   


 ✅  API capabilities:                                                          

     Supports NULL byte in headers:    ✘                                        

 ✅  Examples (in 0.34s)                                                        
                                                                                
     ✅  8 passed  ⏭  13 skipped                                                

 ❌  Coverage (in 11.87s)                                                       
                                                                                
     ✅ 20 passed  ❌  1 failed                                                 

 ❌  Fuzzing (in 16.93s)                                                        
                                                                                
     ✅ 18 passed  ❌  3 failed                                                 

 ❌  Stateful (in 3.36s)                                                        

     Scenarios:    38                                                           
     API Links:    10 covered / 18 selected / 18 total (18 inferred)            

     ✅ 36 passed  ❌ 2 failed                                                  

=================================== FAILURES ===================================
__________________ GET /v1/matchy/messages/{email_message_id} __________________
1. Test Case ID: OySiIa

- Server error

[502] Bad Gateway:

    `{"detail":"mailcart: upstream returned 502: {\"detail\":\"Graph GET failed: 400 {\\\"error\\\":{\\\"code\\\":\\\"ErrorInvalidIdMalformed\\\",\\\"message\\\":\\\"Id is malformed.\\\"}}\"}"}`

Reproduce with:

    curl -X GET -H 'X-Teller-Write-Token: [Filtered]' http://127.0.0.1:8789/v1/matchy/messages/0

________ PUT /v1/matchy/transactions/{transaction_id}/confirm-candidate ________
1. Test Case ID: tglD19

- API rejected schema-compliant request

    Valid data should have been accepted
    Expected: 2xx, 401, 403, 404, 409, 5xx

- Undocumented HTTP status code

    Received: 400
    Documented: 200, 404, 409, 422

[400] Bad Request:

    `{"detail":"Invalid email_message_id"}`

Reproduce with:

    curl -X PUT -H 'X-Teller-Write-Token: [Filtered]' -H 'Content-Type: application/json' -d '{"email_message_id": "-K`nAi(F0(l", "note": null}' http://127.0.0.1:8789/v1/matchy/transactions/txn_pskipsmebh9oh59ecq009/confirm-candidate

_______ PUT /v1/matchy/transactions/{transaction_id}/override-candidate ________
1. Test Case ID: NAgmhW

- API rejected schema-compliant request

    Valid data should have been accepted
    Expected: 2xx, 401, 403, 404, 409, 5xx

- Undocumented HTTP status code

    Received: 400
    Documented: 200, 404, 409, 422

[400] Bad Request:

    `{"detail":"Invalid email_message_id"}`

Reproduce with:

    curl -X PUT -H 'X-Teller-Write-Token: [Filtered]' -H 'Content-Type: application/json' -d '{"email_message_id": "-K`nAi(F0(l", "note": null}' http://127.0.0.1:8789/v1/matchy/transactions/txn_pskipsmebh9oh59ecq009/override-candidate

________________________________ Stateful tests ________________________________
1. Test Case ID: 3KFIJv

- API rejected schema-compliant request

    Valid data should have been accepted
    Expected: 2xx, 401, 403, 404, 409, 5xx

[422] Unprocessable Content:

    `{"detail":"email_message_id is not a candidate for the latest match run of this transaction"}`

Reproduce with:

    curl -X GET -H 'X-Teller-Write-Token: [Filtered]' -H 'Content-Type: application/json' 'http://127.0.0.1:8789/v1/transactions?only_unmoved_match=false'
    curl -X PUT -H 'X-Teller-Write-Token: [Filtered]' -H 'Content-Type: application/json' -d '{"email_message_id": "v", "note": null}' http://127.0.0.1:8789/v1/matchy/transactions/txn_pskipslvrh9oh59ecq002/confirm-candidate

=================================== WARNINGS ===================================

Missing test data: 3 operations repeatedly returned 404 Not Found, preventing tests from reaching your API's core logic

  - PUT /v1/matchy/transactions/{transaction_id}/clear
  - PUT /v1/matchy/transactions/{transaction_id}/confirm-candidate
  - PUT /v1/matchy/transactions/{transaction_id}/override-candidate

💡 Provide realistic parameter values in your config file so tests can access existing resources

=================================== SUMMARY ====================================

API Operations:
  Selected: 21/21
  Tested: 21

Test Phases:
  ✅ Examples
  ❌ Coverage
  ❌ Fuzzing
  ❌ Stateful

Failures:
  ❌ Server error: 1
  ❌ API rejected schema-compliant request: 3
  ❌ Undocumented HTTP status code: 2

Warnings:
  ⚠️ Missing valid test data: 3 operations repeatedly returned 404 responses

Test cases:
  1459 generated, 4 found 6 unique failures

Reports:
  - JUNIT: /Users/phil/local/src/teller/artifacts/security/schemathesis-junit.xml

Seed: 424242

======================= 6 failures, 1 warning in 32.54s ========================
