+==============================================================================+
| Security Tool: ClamAV                                                        |
| Signature-based malware scan across repository files.                        |
| Detects known malicious payloads before release or deployment.               |
| URL: https://www.clamav.net/                                                 |
+==============================================================================+
▶ Running ClamAV repository scan
▶ ClamAV scan target: /Users/phil/local/src/teller
▶ ClamAV signature DB directory: /opt/homebrew/var/lib/clamav
▶ ClamAV signature freshness:
{
  "latest_file": "daily.cld",
  "updated_utc": "2026-05-15T10:07:35.997092Z",
  "age_hours": 114.46,
  "max_age_hours": 48,
  "status": "stale"
}
⚠️  ClamAV signatures look stale; consider running 'freshclam --stdout'.
▶ ClamAV scan in progress (started) target=/Users/phil/local/src/teller
▶ ClamAV scan in progress (15s elapsed) target=/Users/phil/local/src/teller
▶ ClamAV scan in progress (30s elapsed) target=/Users/phil/local/src/teller
▶ ClamAV scan in progress (45s elapsed) target=/Users/phil/local/src/teller
▶ ClamAV scan in progress (60s elapsed) target=/Users/phil/local/src/teller
▶ ClamAV scan in progress (75s elapsed) target=/Users/phil/local/src/teller
▶ ClamAV scan in progress (90s elapsed) target=/Users/phil/local/src/teller
▶ ClamAV scan in progress (105s elapsed) target=/Users/phil/local/src/teller
▶ ClamAV scan in progress (120s elapsed) target=/Users/phil/local/src/teller
▶ ClamAV scan in progress (135s elapsed) target=/Users/phil/local/src/teller
